../Core/Src/main.c:197:5:main	64	static
../Core/Src/main.c:389:6:SystemClock_Config	88	static
../Core/Src/main.c:443:13:MX_SPI2_Init	8	static
../Core/Src/main.c:481:13:MX_USART2_UART_Init	8	static
../Core/Src/main.c:514:13:MX_GPIO_Init	48	static
../Core/Src/main.c:548:6:HAL_SYSTICK_Callback	8	static
../Core/Src/main.c:553:9:W5500_rxtx	32	static
../Core/Src/main.c:562:7:wizchip_select	8	static
../Core/Src/main.c:567:7:wizchip_deselect	8	static
../Core/Src/main.c:572:7:wizchip_write	16	static
../Core/Src/main.c:577:9:wizchip_read	8	static
../Core/Src/main.c:588:6:network_init	16	static
../Core/Src/main.c:597:6:UWriteData	16	static
../Core/Src/main.c:605:5:__io_putchar	16	static
../Core/Src/main.c:611:6:PHYStatusCheck	16	static
../Core/Src/main.c:631:6:PrintPHYConf	16	static
../Core/Src/main.c:673:6:communication	4	static
../Core/Src/main.c:692:9:tcp_client	32	static
../Core/Src/main.c:805:6:Error_Handler	4	static,ignoring_inline_asm
